// Jest Snapshot v1, https://goo.gl/fbAQLP

exports[`should pass on fixtures/basic.bad.css 1`] = `
Array [
  Object {
    "column": 9,
    "line": 2,
    "rule": "string-quotes",
    "severity": "error",
  },
  Object {
    "column": 1,
    "line": 3,
    "rule": "at-rule-empty-line-before",
    "severity": "error",
  },
  Object {
    "column": 1,
    "line": 5,
    "rule": "at-rule-empty-line-before",
    "severity": "error",
  },
  Object {
    "column": 5,
    "line": 9,
    "rule": "scale-unlimited/declaration-strict-value",
    "severity": "warning",
  },
  Object {
    "column": 12,
    "line": 11,
    "rule": "color-named",
    "severity": "warning",
  },
  Object {
    "column": 5,
    "line": 12,
    "rule": "scale-unlimited/declaration-strict-value",
    "severity": "warning",
  },
  Object {
    "column": 18,
    "line": 13,
    "rule": "unit-disallowed-list",
    "severity": "warning",
  },
  Object {
    "column": 5,
    "line": 14,
    "rule": "scale-unlimited/declaration-strict-value",
    "severity": "warning",
  },
  Object {
    "column": 1,
    "line": 17,
    "rule": "rule-empty-line-before",
    "severity": "error",
  },
  Object {
    "column": 5,
    "line": 18,
    "rule": "comment-no-empty",
    "severity": "error",
  },
  Object {
    "column": 12,
    "line": 19,
    "rule": "color-named",
    "severity": "warning",
  },
  Object {
    "column": 20,
    "line": 22,
    "rule": "media-feature-name-value-allowed-list",
    "severity": "warning",
  },
  Object {
    "column": 23,
    "line": 22,
    "rule": "unit-disallowed-list",
    "severity": "warning",
  },
  Object {
    "column": 43,
    "line": 22,
    "rule": "media-feature-name-value-allowed-list",
    "severity": "warning",
  },
  Object {
    "column": 22,
    "line": 24,
    "rule": "unit-disallowed-list",
    "severity": "warning",
  },
  Object {
    "column": 21,
    "line": 28,
    "rule": "media-feature-name-value-allowed-list",
    "severity": "warning",
  },
  Object {
    "column": 45,
    "line": 28,
    "rule": "media-feature-name-value-allowed-list",
    "severity": "warning",
  },
  Object {
    "column": 48,
    "line": 28,
    "rule": "unit-disallowed-list",
    "severity": "warning",
  },
  Object {
    "column": 22,
    "line": 30,
    "rule": "unit-disallowed-list",
    "severity": "warning",
  },
  Object {
    "column": 18,
    "line": 34,
    "rule": "media-feature-name-value-allowed-list",
    "severity": "warning",
  },
  Object {
    "column": 21,
    "line": 34,
    "rule": "unit-disallowed-list",
    "severity": "warning",
  },
  Object {
    "column": 5,
    "line": 36,
    "rule": "rule-empty-line-before",
    "severity": "error",
  },
  Object {
    "column": 23,
    "line": 37,
    "rule": "color-named",
    "severity": "warning",
  },
  Object {
    "column": 22,
    "line": 38,
    "rule": "unit-disallowed-list",
    "severity": "warning",
  },
  Object {
    "column": 1,
    "line": 41,
    "rule": "at-rule-empty-line-before",
    "severity": "error",
  },
  Object {
    "column": 18,
    "line": 41,
    "rule": "media-feature-name-value-allowed-list",
    "severity": "warning",
  },
  Object {
    "column": 21,
    "line": 41,
    "rule": "unit-disallowed-list",
    "severity": "warning",
  },
  Object {
    "column": 22,
    "line": 43,
    "rule": "unit-disallowed-list",
    "severity": "warning",
  },
  Object {
    "column": 15,
    "line": 44,
    "rule": "color-named",
    "severity": "warning",
  },
  Object {
    "column": 17,
    "line": 45,
    "rule": "color-named",
    "severity": "warning",
  },
  Object {
    "column": 1,
    "line": 48,
    "rule": "comment-empty-line-before",
    "severity": "error",
  },
  Object {
    "column": 18,
    "line": 52,
    "rule": "unit-disallowed-list",
    "severity": "warning",
  },
  Object {
    "column": 1,
    "line": 54,
    "rule": "comment-empty-line-before",
    "severity": "error",
  },
  Object {
    "column": 18,
    "line": 57,
    "rule": "unit-disallowed-list",
    "severity": "warning",
  },
  Object {
    "column": 1,
    "line": 59,
    "rule": "comment-empty-line-before",
    "severity": "error",
  },
  Object {
    "column": 17,
    "line": 62,
    "rule": "declaration-property-value-disallowed-list",
    "severity": "warning",
  },
  Object {
    "column": 19,
    "line": 63,
    "rule": "unit-disallowed-list",
    "severity": "warning",
  },
  Object {
    "column": 23,
    "line": 63,
    "rule": "unit-disallowed-list",
    "severity": "warning",
  },
  Object {
    "column": 27,
    "line": 63,
    "rule": "unit-disallowed-list",
    "severity": "warning",
  },
  Object {
    "column": 30,
    "line": 63,
    "rule": "color-named",
    "severity": "warning",
  },
  Object {
    "column": 5,
    "line": 64,
    "rule": "comment-empty-line-before",
    "severity": "error",
  },
  Object {
    "column": 1,
    "line": 67,
    "rule": "comment-empty-line-before",
    "severity": "error",
  },
  Object {
    "column": 18,
    "line": 74,
    "rule": "length-zero-no-unit",
    "severity": "error",
  },
  Object {
    "column": 18,
    "line": 74,
    "rule": "unit-disallowed-list",
    "severity": "warning",
  },
]
`;

exports[`should pass on fixtures/basic.good.css 1`] = `Array []`;

exports[`should pass on fixtures/order.bad.css 1`] = `
Array [
  Object {
    "column": 5,
    "line": 7,
    "rule": "order/properties-order",
    "severity": "error",
  },
  Object {
    "column": 5,
    "line": 8,
    "rule": "order/properties-order",
    "severity": "error",
  },
  Object {
    "column": 5,
    "line": 14,
    "rule": "order/properties-order",
    "severity": "error",
  },
  Object {
    "column": 5,
    "line": 20,
    "rule": "order/properties-order",
    "severity": "error",
  },
  Object {
    "column": 5,
    "line": 23,
    "rule": "order/properties-order",
    "severity": "error",
  },
  Object {
    "column": 5,
    "line": 27,
    "rule": "order/properties-order",
    "severity": "error",
  },
  Object {
    "column": 5,
    "line": 32,
    "rule": "declaration-block-no-shorthand-property-overrides",
    "severity": "error",
  },
  Object {
    "column": 5,
    "line": 32,
    "rule": "order/properties-order",
    "severity": "error",
  },
  Object {
    "column": 5,
    "line": 34,
    "rule": "order/properties-order",
    "severity": "error",
  },
  Object {
    "column": 5,
    "line": 36,
    "rule": "declaration-block-no-shorthand-property-overrides",
    "severity": "error",
  },
  Object {
    "column": 5,
    "line": 36,
    "rule": "order/properties-order",
    "severity": "error",
  },
  Object {
    "column": 5,
    "line": 39,
    "rule": "order/properties-order",
    "severity": "error",
  },
  Object {
    "column": 5,
    "line": 45,
    "rule": "declaration-block-no-shorthand-property-overrides",
    "severity": "error",
  },
  Object {
    "column": 5,
    "line": 45,
    "rule": "order/properties-order",
    "severity": "error",
  },
  Object {
    "column": 5,
    "line": 59,
    "rule": "order/properties-order",
    "severity": "error",
  },
  Object {
    "column": 5,
    "line": 66,
    "rule": "declaration-block-no-shorthand-property-overrides",
    "severity": "error",
  },
  Object {
    "column": 5,
    "line": 66,
    "rule": "order/properties-order",
    "severity": "error",
  },
  Object {
    "column": 5,
    "line": 69,
    "rule": "declaration-block-no-shorthand-property-overrides",
    "severity": "error",
  },
  Object {
    "column": 5,
    "line": 69,
    "rule": "order/properties-order",
    "severity": "error",
  },
  Object {
    "column": 5,
    "line": 78,
    "rule": "order/properties-order",
    "severity": "error",
  },
  Object {
    "column": 5,
    "line": 84,
    "rule": "order/properties-order",
    "severity": "error",
  },
  Object {
    "column": 5,
    "line": 88,
    "rule": "order/properties-order",
    "severity": "error",
  },
  Object {
    "column": 5,
    "line": 92,
    "rule": "order/properties-order",
    "severity": "error",
  },
  Object {
    "column": 5,
    "line": 98,
    "rule": "order/properties-order",
    "severity": "error",
  },
  Object {
    "column": 5,
    "line": 105,
    "rule": "declaration-block-no-shorthand-property-overrides",
    "severity": "error",
  },
  Object {
    "column": 5,
    "line": 105,
    "rule": "order/properties-order",
    "severity": "error",
  },
  Object {
    "column": 5,
    "line": 117,
    "rule": "order/properties-order",
    "severity": "error",
  },
  Object {
    "column": 5,
    "line": 126,
    "rule": "order/properties-order",
    "severity": "error",
  },
  Object {
    "column": 5,
    "line": 134,
    "rule": "order/properties-order",
    "severity": "error",
  },
  Object {
    "column": 5,
    "line": 135,
    "rule": "order/properties-order",
    "severity": "error",
  },
  Object {
    "column": 5,
    "line": 140,
    "rule": "order/properties-order",
    "severity": "error",
  },
  Object {
    "column": 5,
    "line": 146,
    "rule": "declaration-block-no-shorthand-property-overrides",
    "severity": "error",
  },
  Object {
    "column": 5,
    "line": 146,
    "rule": "order/properties-order",
    "severity": "error",
  },
  Object {
    "column": 5,
    "line": 156,
    "rule": "declaration-block-no-shorthand-property-overrides",
    "severity": "error",
  },
  Object {
    "column": 5,
    "line": 156,
    "rule": "order/properties-order",
    "severity": "error",
  },
]
`;

exports[`should pass on fixtures/order.good.css 1`] = `Array []`;
